<html>
<body>
<pre>
<h1>µVision Build Log</h1>
<h2>Project:</h2>
F:\git_new\new\stm32_c8t6_keil\Project\Keil4\keil_c8t6.uvproj
Project File Date:  12/29/2019

<h2>Output:</h2>
Build target 'Target 1'
compiling core_cm3.c...
compiling system_stm32f10x.c...
compiling stm32f10x_gpio.c...
compiling stm32f10x_rcc.c...
compiling misc.c...
compiling stm32f10x_tim.c...
compiling stm32f10x_spi.c...
compiling stm32f10x_usart.c...
compiling stm32f10x_flash.c...
compiling stm32f10x_exti.c...
compiling stm32f10x_i2c.c...
assembling startup_stm32f10x_md.s...
compiling main.c...
..\..\src\ccb\def\ccb_def.h(73): warning:  #1-D: last line of file ends without a newline
..\..\src\main.c(28): warning:  #223-D: function "BSP_ApiDeLayMs" declared implicitly
..\..\src\main.c(31): warning:  #223-D: function "BSP_ApiInit" declared implicitly
..\..\src\main.c(34): warning:  #223-D: function "CMD_Init" declared implicitly
..\..\src\main.c(37): warning:  #223-D: function "SRV_Main" declared implicitly
..\..\src\main.c(25): warning:  #177-D: variable "i" was declared but never referenced
..\..\src\main.c(26): warning:  #177-D: variable "ulRet" was declared but never referenced
compiling ccb_cmd.c...
..\..\src\ccb\def\ccb_def.h(73): warning:  #1-D: last line of file ends without a newline
..\..\src\ccb\cmd\ccb_cmd.h(26): warning:  #494-D: declaring a void parameter list with a typedef is nonstandard
..\..\src\ccb\cmd\ccb_cmd.h(78): warning:  #494-D: declaring a void parameter list with a typedef is nonstandard
..\..\src\ccb\cmd\ccb_cmd.h(79): warning:  #1295-D: Deprecated declaration CMD_Proc - give arg types
..\..\src\ccb\cmd\ccb_cmd.h(83): warning:  #1295-D: Deprecated declaration PDT_Init - give arg types
..\..\src\ccb\cmd\ccb_cmd.h(89): warning:  #1-D: last line of file ends without a newline
..\..\src\ccb\cmd\ccb_cmd.c(44): warning:  #223-D: function "memset" declared implicitly
..\..\src\ccb\cmd\ccb_cmd.c(95): warning:  #223-D: function "memcpy" declared implicitly
..\..\src\ccb\cmd\ccb_cmd.c(220): warning:  #223-D: function "strlen" declared implicitly
..\..\src\ccb\cmd\ccb_cmd.c(232): warning:  #223-D: function "memcmp" declared implicitly
..\..\src\ccb\cmd\ccb_cmd.c(287): warning:  #223-D: function "memcpy" declared implicitly
..\..\src\ccb\cmd\ccb_cmd.c(290): warning:  #940-D: missing return statement at end of non-void function "CMD_Reg"
..\..\src\ccb\cmd\ccb_cmd.c(324): warning:  #223-D: function "strcmp" declared implicitly
..\..\src\ccb\cmd\ccb_cmd.c(355): warning:  #223-D: function "memcpy" declared implicitly
..\..\src\ccb\cmd\ccb_cmd.c(314): warning:  #177-D: variable "i" was declared but never referenced
..\..\src\ccb\cmd\ccb_cmd.c(382): warning:  #223-D: function "CMD_ChangeBit" declared implicitly
..\..\src\ccb\cmd\ccb_cmd.c(413): warning:  #550-D: variable "pucPos" was set but never used
..\..\src\ccb\cmd\ccb_cmd.c(485): warning:  #223-D: function "CMD_ChangeBit" declared implicitly
..\..\src\ccb\cmd\ccb_cmd.c(469): warning:  #550-D: variable "pucPos" was set but never used
..\..\src\ccb\cmd\ccb_cmd.c(551): warning:  #223-D: function "memcpy" declared implicitly
..\..\src\ccb\cmd\ccb_cmd.c(544): warning:  #177-D: variable "pucPos" was declared but never referenced
..\..\src\ccb\cmd\ccb_cmd.c(545): warning:  #177-D: variable "i" was declared but never referenced
..\..\src\ccb\cmd\ccb_cmd.c(546): warning:  #177-D: variable "ulMacPos" was declared but never referenced
..\..\src\ccb\cmd\ccb_cmd.c(547): warning:  #177-D: variable "ulMACValue" was declared but never referenced
..\..\src\ccb\cmd\ccb_cmd.c(557): warning:  #1-D: last line of file ends without a newline
..\..\src\ccb\cmd\ccb_cmd.c(374): warning: C4017W: ulTemp may be used before being set
compiling drv_init.c...
..\..\src\ccb\def\ccb_def.h(73): warning:  #1-D: last line of file ends without a newline
..\..\src\drv\drv_init.h(22): warning:  #1295-D: Deprecated declaration DRV_Init - give arg types
..\..\src\drv\drv_init.c(64): warning:  #223-D: function "Timer2_init" declared implicitly
..\..\src\drv\drv_init.c(108): warning:  #223-D: function "NVIC_Configuration" declared implicitly
..\..\src\drv\drv_init.c(42): warning:  #177-D: variable "TIM_TimeBaseStructure" was declared but never referenced
..\..\src\drv\drv_init.c(43): warning:  #177-D: variable "TIM_OCInitStructure" was declared but never referenced
..\..\src\drv\drv_init.c(44): warning:  #550-D: variable "GPIO_InitStructure" was set but never used
..\..\src\drv\drv_init.c(45): warning:  #550-D: variable "EXTI_InitStructure" was set but never used
..\..\src\drv\drv_init.c(46): warning:  #550-D: variable "I2C_InitStructure" was set but never used
compiling drv_util.c...
compiling bsp.c...
..\..\src\ccb\def\ccb_def.h(73): warning:  #1-D: last line of file ends without a newline
..\..\src\bsp\bsp.c(69): warning:  #1296-D: extended constant initialiser used
..\..\src\bsp\bsp.c(70): warning:  #1296-D: extended constant initialiser used
..\..\src\bsp\bsp.c(71): warning:  #1296-D: extended constant initialiser used
..\..\src\bsp\bsp.c(72): warning:  #1296-D: extended constant initialiser used
..\..\src\bsp\bsp.c(86): warning:  #188-D: enumerated type mixed with another type
..\..\src\bsp\bsp.c(87): warning:  #188-D: enumerated type mixed with another type
..\..\src\bsp\bsp.c(451): warning:  #223-D: function "memcpy" declared implicitly
..\..\src\bsp\bsp.c(538): warning:  #940-D: missing return statement at end of non-void function "BSP_InterruptInit"
..\..\src\bsp\bsp.c(585): warning:  #940-D: missing return statement at end of non-void function "BSP_SpiInit"
..\..\src\bsp\bsp.c(651): warning:  #940-D: missing return statement at end of non-void function "BSP_I2CInit"
..\..\src\bsp\bsp.c(748): warning:  #177-D: variable "TIM_TimeBaseStructure" was declared but never referenced
..\..\src\bsp\bsp.c(749): warning:  #177-D: variable "TIM_OCInitStructure" was declared but never referenced
..\..\src\bsp\bsp.c(750): warning:  #177-D: variable "GPIO_InitStructure" was declared but never referenced
..\..\src\bsp\bsp.c(751): warning:  #177-D: variable "I2C_InitStructure" was declared but never referenced
compiling stm32f10x_it.c...
..\..\src\ccb\def\ccb_def.h(73): warning:  #1-D: last line of file ends without a newline
..\..\src\bsp\stm32f10x_it.c(148): warning:  #223-D: function "BSP_SysTickSecond" declared implicitly
..\..\src\bsp\stm32f10x_it.c(161): warning:  #223-D: function "CMD_Rx" declared implicitly
..\..\src\bsp\stm32f10x_it.c(167): warning:  #223-D: function "printf" declared implicitly
linking...
.\keil_c8t6.axf: Error: L6218E: Undefined symbol SRV_Main (referred from main.o).
.\keil_c8t6.axf: Error: L6218E: Undefined symbol CMD_ChangeBit (referred from ccb_cmd.o).
.\keil_c8t6.axf: Error: L6218E: Undefined symbol NVIC_Configuration (referred from drv_init.o).
".\keil_c8t6.axf" - 3 Errors, 61 Warning(s).
Target not created
Build target 'Target 1'
compiling main.c...
..\..\src\ccb\def\ccb_def.h(73): warning:  #1-D: last line of file ends without a newline
..\..\src\main.c(28): warning:  #223-D: function "BSP_ApiDeLayMs" declared implicitly
..\..\src\main.c(31): warning:  #223-D: function "BSP_ApiInit" declared implicitly
..\..\src\main.c(34): warning:  #223-D: function "CMD_Init" declared implicitly
..\..\src\main.c(25): warning:  #177-D: variable "i" was declared but never referenced
..\..\src\main.c(26): warning:  #177-D: variable "ulRet" was declared but never referenced
linking...
.\keil_c8t6.axf: Error: L6218E: Undefined symbol CMD_ChangeBit (referred from ccb_cmd.o).
.\keil_c8t6.axf: Error: L6218E: Undefined symbol NVIC_Configuration (referred from drv_init.o).
".\keil_c8t6.axf" - 2 Errors, 6 Warning(s).
Target not created
Build target 'Target 1'
linking...
.\keil_c8t6.axf: Error: L6218E: Undefined symbol CMD_ChangeBit (referred from ccb_cmd.o).
".\keil_c8t6.axf" - 1 Errors, 0 Warning(s).
Target not created
Build target 'Target 1'
compiling ccb_cmd.c...
..\..\src\ccb\def\ccb_def.h(73): warning:  #1-D: last line of file ends without a newline
..\..\src\ccb\cmd\ccb_cmd.h(26): warning:  #494-D: declaring a void parameter list with a typedef is nonstandard
..\..\src\ccb\cmd\ccb_cmd.h(78): warning:  #494-D: declaring a void parameter list with a typedef is nonstandard
..\..\src\ccb\cmd\ccb_cmd.h(79): warning:  #1295-D: Deprecated declaration CMD_Proc - give arg types
..\..\src\ccb\cmd\ccb_cmd.h(83): warning:  #1295-D: Deprecated declaration PDT_Init - give arg types
..\..\src\ccb\cmd\ccb_cmd.h(89): warning:  #1-D: last line of file ends without a newline
..\..\src\ccb\cmd\ccb_cmd.c(44): warning:  #223-D: function "memset" declared implicitly
..\..\src\ccb\cmd\ccb_cmd.c(95): warning:  #223-D: function "memcpy" declared implicitly
..\..\src\ccb\cmd\ccb_cmd.c(220): warning:  #223-D: function "strlen" declared implicitly
..\..\src\ccb\cmd\ccb_cmd.c(232): warning:  #223-D: function "memcmp" declared implicitly
..\..\src\ccb\cmd\ccb_cmd.c(287): warning:  #223-D: function "memcpy" declared implicitly
..\..\src\ccb\cmd\ccb_cmd.c(290): warning:  #940-D: missing return statement at end of non-void function "CMD_Reg"
..\..\src\ccb\cmd\ccb_cmd.c(324): warning:  #223-D: function "strcmp" declared implicitly
..\..\src\ccb\cmd\ccb_cmd.c(355): warning:  #223-D: function "memcpy" declared implicitly
..\..\src\ccb\cmd\ccb_cmd.c(314): warning:  #177-D: variable "i" was declared but never referenced
..\..\src\ccb\cmd\ccb_cmd.c(413): warning:  #550-D: variable "pucPos" was set but never used
..\..\src\ccb\cmd\ccb_cmd.c(485): warning:  #223-D: function "CMD_ChangeBit" declared implicitly
..\..\src\ccb\cmd\ccb_cmd.c(469): warning:  #550-D: variable "pucPos" was set but never used
..\..\src\ccb\cmd\ccb_cmd.c(551): warning:  #223-D: function "memcpy" declared implicitly
..\..\src\ccb\cmd\ccb_cmd.c(544): warning:  #177-D: variable "pucPos" was declared but never referenced
..\..\src\ccb\cmd\ccb_cmd.c(545): warning:  #177-D: variable "i" was declared but never referenced
..\..\src\ccb\cmd\ccb_cmd.c(546): warning:  #177-D: variable "ulMacPos" was declared but never referenced
..\..\src\ccb\cmd\ccb_cmd.c(547): warning:  #177-D: variable "ulMACValue" was declared but never referenced
..\..\src\ccb\cmd\ccb_cmd.c(557): warning:  #1-D: last line of file ends without a newline
..\..\src\ccb\cmd\ccb_cmd.c(374): warning: C4017W: ulTemp may be used before being set
linking...
.\keil_c8t6.axf: Error: L6218E: Undefined symbol CMD_ChangeBit (referred from ccb_cmd.o).
".\keil_c8t6.axf" - 1 Errors, 25 Warning(s).
Target not created
Rebuild target 'Target 1'
compiling core_cm3.c...
compiling system_stm32f10x.c...
compiling stm32f10x_gpio.c...
compiling stm32f10x_rcc.c...
compiling misc.c...
compiling stm32f10x_tim.c...
compiling stm32f10x_spi.c...
compiling stm32f10x_usart.c...
compiling stm32f10x_flash.c...
compiling stm32f10x_exti.c...
compiling stm32f10x_i2c.c...
assembling startup_stm32f10x_md.s...
compiling main.c...
..\..\src\ccb\def\ccb_def.h(73): warning:  #1-D: last line of file ends without a newline
..\..\src\main.c(28): warning:  #223-D: function "BSP_ApiDeLayMs" declared implicitly
..\..\src\main.c(31): warning:  #223-D: function "BSP_ApiInit" declared implicitly
..\..\src\main.c(34): warning:  #223-D: function "CMD_Init" declared implicitly
..\..\src\main.c(25): warning:  #177-D: variable "i" was declared but never referenced
..\..\src\main.c(26): warning:  #177-D: variable "ulRet" was declared but never referenced
compiling ccb_cmd.c...
..\..\src\ccb\def\ccb_def.h(73): warning:  #1-D: last line of file ends without a newline
..\..\src\ccb\cmd\ccb_cmd.h(26): warning:  #494-D: declaring a void parameter list with a typedef is nonstandard
..\..\src\ccb\cmd\ccb_cmd.h(78): warning:  #494-D: declaring a void parameter list with a typedef is nonstandard
..\..\src\ccb\cmd\ccb_cmd.h(79): warning:  #1295-D: Deprecated declaration CMD_Proc - give arg types
..\..\src\ccb\cmd\ccb_cmd.h(83): warning:  #1295-D: Deprecated declaration PDT_Init - give arg types
..\..\src\ccb\cmd\ccb_cmd.h(89): warning:  #1-D: last line of file ends without a newline
..\..\src\ccb\cmd\ccb_cmd.c(44): warning:  #223-D: function "memset" declared implicitly
..\..\src\ccb\cmd\ccb_cmd.c(95): warning:  #223-D: function "memcpy" declared implicitly
..\..\src\ccb\cmd\ccb_cmd.c(220): warning:  #223-D: function "strlen" declared implicitly
..\..\src\ccb\cmd\ccb_cmd.c(232): warning:  #223-D: function "memcmp" declared implicitly
..\..\src\ccb\cmd\ccb_cmd.c(287): warning:  #223-D: function "memcpy" declared implicitly
..\..\src\ccb\cmd\ccb_cmd.c(290): warning:  #940-D: missing return statement at end of non-void function "CMD_Reg"
..\..\src\ccb\cmd\ccb_cmd.c(324): warning:  #223-D: function "strcmp" declared implicitly
..\..\src\ccb\cmd\ccb_cmd.c(355): warning:  #223-D: function "memcpy" declared implicitly
..\..\src\ccb\cmd\ccb_cmd.c(314): warning:  #177-D: variable "i" was declared but never referenced
..\..\src\ccb\cmd\ccb_cmd.c(413): warning:  #550-D: variable "pucPos" was set but never used
..\..\src\ccb\cmd\ccb_cmd.c(485): warning:  #223-D: function "CMD_ChangeBit" declared implicitly
..\..\src\ccb\cmd\ccb_cmd.c(469): warning:  #550-D: variable "pucPos" was set but never used
..\..\src\ccb\cmd\ccb_cmd.c(551): warning:  #223-D: function "memcpy" declared implicitly
..\..\src\ccb\cmd\ccb_cmd.c(544): warning:  #177-D: variable "pucPos" was declared but never referenced
..\..\src\ccb\cmd\ccb_cmd.c(545): warning:  #177-D: variable "i" was declared but never referenced
..\..\src\ccb\cmd\ccb_cmd.c(546): warning:  #177-D: variable "ulMacPos" was declared but never referenced
..\..\src\ccb\cmd\ccb_cmd.c(547): warning:  #177-D: variable "ulMACValue" was declared but never referenced
..\..\src\ccb\cmd\ccb_cmd.c(557): warning:  #1-D: last line of file ends without a newline
..\..\src\ccb\cmd\ccb_cmd.c(374): warning: C4017W: ulTemp may be used before being set
..\..\src\ccb\cmd\ccb_cmd.c(467): warning: C4017W: ulCmdNameLen may be used before being set
compiling bsp.c...
..\..\src\ccb\def\ccb_def.h(73): warning:  #1-D: last line of file ends without a newline
..\..\src\bsp\bsp.c(69): warning:  #1296-D: extended constant initialiser used
..\..\src\bsp\bsp.c(70): warning:  #1296-D: extended constant initialiser used
..\..\src\bsp\bsp.c(71): warning:  #1296-D: extended constant initialiser used
..\..\src\bsp\bsp.c(72): warning:  #1296-D: extended constant initialiser used
..\..\src\bsp\bsp.c(86): warning:  #188-D: enumerated type mixed with another type
..\..\src\bsp\bsp.c(87): warning:  #188-D: enumerated type mixed with another type
..\..\src\bsp\bsp.c(451): warning:  #223-D: function "memcpy" declared implicitly
..\..\src\bsp\bsp.c(538): warning:  #940-D: missing return statement at end of non-void function "BSP_InterruptInit"
..\..\src\bsp\bsp.c(585): warning:  #940-D: missing return statement at end of non-void function "BSP_SpiInit"
..\..\src\bsp\bsp.c(651): warning:  #940-D: missing return statement at end of non-void function "BSP_I2CInit"
..\..\src\bsp\bsp.c(748): warning:  #177-D: variable "TIM_TimeBaseStructure" was declared but never referenced
..\..\src\bsp\bsp.c(749): warning:  #177-D: variable "TIM_OCInitStructure" was declared but never referenced
..\..\src\bsp\bsp.c(750): warning:  #177-D: variable "GPIO_InitStructure" was declared but never referenced
..\..\src\bsp\bsp.c(751): warning:  #177-D: variable "I2C_InitStructure" was declared but never referenced
compiling stm32f10x_it.c...
..\..\src\ccb\def\ccb_def.h(73): warning:  #1-D: last line of file ends without a newline
..\..\src\bsp\stm32f10x_it.c(148): warning:  #223-D: function "BSP_SysTickSecond" declared implicitly
..\..\src\bsp\stm32f10x_it.c(161): warning:  #223-D: function "CMD_Rx" declared implicitly
..\..\src\bsp\stm32f10x_it.c(167): warning:  #223-D: function "printf" declared implicitly
linking...
.\keil_c8t6.axf: Error: L6218E: Undefined symbol CMD_ChangeBit (referred from ccb_cmd.o).
".\keil_c8t6.axf" - 1 Errors, 51 Warning(s).
Target not created
Build target 'Target 1'
compiling ccb_cmd.c...
..\..\src\ccb\def\ccb_def.h(73): warning:  #1-D: last line of file ends without a newline
..\..\src\ccb\cmd\ccb_cmd.h(26): warning:  #494-D: declaring a void parameter list with a typedef is nonstandard
..\..\src\ccb\cmd\ccb_cmd.h(78): warning:  #494-D: declaring a void parameter list with a typedef is nonstandard
..\..\src\ccb\cmd\ccb_cmd.h(79): warning:  #1295-D: Deprecated declaration CMD_Proc - give arg types
..\..\src\ccb\cmd\ccb_cmd.h(83): warning:  #1295-D: Deprecated declaration PDT_Init - give arg types
..\..\src\ccb\cmd\ccb_cmd.h(89): warning:  #1-D: last line of file ends without a newline
..\..\src\ccb\cmd\ccb_cmd.c(44): warning:  #223-D: function "memset" declared implicitly
..\..\src\ccb\cmd\ccb_cmd.c(95): warning:  #223-D: function "memcpy" declared implicitly
..\..\src\ccb\cmd\ccb_cmd.c(220): warning:  #223-D: function "strlen" declared implicitly
..\..\src\ccb\cmd\ccb_cmd.c(232): warning:  #223-D: function "memcmp" declared implicitly
..\..\src\ccb\cmd\ccb_cmd.c(287): warning:  #223-D: function "memcpy" declared implicitly
..\..\src\ccb\cmd\ccb_cmd.c(290): warning:  #940-D: missing return statement at end of non-void function "CMD_Reg"
..\..\src\ccb\cmd\ccb_cmd.c(324): warning:  #223-D: function "strcmp" declared implicitly
..\..\src\ccb\cmd\ccb_cmd.c(355): warning:  #223-D: function "memcpy" declared implicitly
..\..\src\ccb\cmd\ccb_cmd.c(314): warning:  #177-D: variable "i" was declared but never referenced
..\..\src\ccb\cmd\ccb_cmd.c(413): warning:  #550-D: variable "pucPos" was set but never used
..\..\src\ccb\cmd\ccb_cmd.c(469): warning:  #550-D: variable "pucPos" was set but never used
..\..\src\ccb\cmd\ccb_cmd.c(551): warning:  #223-D: function "memcpy" declared implicitly
..\..\src\ccb\cmd\ccb_cmd.c(544): warning:  #177-D: variable "pucPos" was declared but never referenced
..\..\src\ccb\cmd\ccb_cmd.c(545): warning:  #177-D: variable "i" was declared but never referenced
..\..\src\ccb\cmd\ccb_cmd.c(546): warning:  #177-D: variable "ulMacPos" was declared but never referenced
..\..\src\ccb\cmd\ccb_cmd.c(547): warning:  #177-D: variable "ulMACValue" was declared but never referenced
..\..\src\ccb\cmd\ccb_cmd.c(557): warning:  #1-D: last line of file ends without a newline
..\..\src\ccb\cmd\ccb_cmd.c(374): warning: C4017W: ulTemp may be used before being set
..\..\src\ccb\cmd\ccb_cmd.c(467): warning: C4017W: ulCmdNameLen may be used before being set
linking...
Program Size: Code=12444 RO-data=268 RW-data=116 ZI-data=2388  
FromELF: creating hex file...
".\keil_c8t6.axf" - 0 Errors, 25 Warning(s).
Build target 'Target 1'
compiling main.c...
..\..\src\ccb\def\ccb_def.h(73): warning:  #1-D: last line of file ends without a newline
..\..\src\main.c(27): warning:  #223-D: function "BSP_ApiDeLayMs" declared implicitly
..\..\src\main.c(30): warning:  #223-D: function "BSP_ApiInit" declared implicitly
..\..\src\main.c(33): warning:  #223-D: function "CMD_Init" declared implicitly
..\..\src\main.c(25): warning:  #177-D: variable "i" was declared but never referenced
linking...
Program Size: Code=12468 RO-data=268 RW-data=116 ZI-data=2388  
FromELF: creating hex file...
".\keil_c8t6.axf" - 0 Errors, 5 Warning(s).
Load "F:\\git_new\\new\\stm32_c8t6_keil\\Project\\Keil4\\keil_c8t6.axf" 
Load "F:\\git_new\\new\\stm32_c8t6_keil\\Project\\Keil4\\keil_c8t6.axf" 
Internal command error
Internal command error
Build target 'Target 1'
linking...
Program Size: Code=12468 RO-data=268 RW-data=116 ZI-data=2388  
FromELF: creating hex file...
".\keil_c8t6.axf" - 0 Errors, 0 Warning(s).
Load "F:\\git_new\\new\\stm32_c8t6_keil\\Project\\Keil4\\keil_c8t6.axf" 
Load "F:\\git_new\\new\\stm32_c8t6_keil\\Project\\Keil4\\keil_c8t6.axf" 
Internal command error
Internal command error
Load "F:\\git_new\\new\\stm32_c8t6_keil\\Project\\Keil4\\keil_c8t6.axf" 
Erase Done.
Programming Done.
Verify OK.
Application running ...
Build target 'Target 1'
compiling system_stm32f10x.c...
compiling stm32f10x_gpio.c...
compiling stm32f10x_rcc.c...
compiling misc.c...
compiling stm32f10x_tim.c...
compiling stm32f10x_spi.c...
compiling stm32f10x_usart.c...
compiling stm32f10x_flash.c...
compiling stm32f10x_exti.c...
compiling stm32f10x_i2c.c...
compiling main.c...
..\..\src\ccb\def\ccb_def.h(73): warning:  #1-D: last line of file ends without a newline
..\..\src\main.c(11): warning:  #223-D: function "BSP_ApiDeLayMs" declared implicitly
..\..\src\main.c(13): warning:  #223-D: function "BSP_ApiInit" declared implicitly
..\..\src\main.c(15): warning:  #223-D: function "CMD_Init" declared implicitly
..\..\src\main.c(9): warning:  #177-D: variable "i" was declared but never referenced
compiling ccb_cmd.c...
..\..\src\ccb\def\ccb_def.h(73): warning:  #1-D: last line of file ends without a newline
..\..\src\ccb\cmd\ccb_cmd.h(26): warning:  #494-D: declaring a void parameter list with a typedef is nonstandard
..\..\src\ccb\cmd\ccb_cmd.h(78): warning:  #494-D: declaring a void parameter list with a typedef is nonstandard
..\..\src\ccb\cmd\ccb_cmd.h(79): warning:  #1295-D: Deprecated declaration CMD_Proc - give arg types
..\..\src\ccb\cmd\ccb_cmd.h(83): warning:  #1295-D: Deprecated declaration PDT_Init - give arg types
..\..\src\ccb\cmd\ccb_cmd.h(89): warning:  #1-D: last line of file ends without a newline
..\..\src\ccb\cmd\ccb_cmd.c(21): warning:  #223-D: function "memset" declared implicitly
..\..\src\ccb\cmd\ccb_cmd.c(55): warning:  #223-D: function "memcpy" declared implicitly
..\..\src\ccb\cmd\ccb_cmd.c(153): warning:  #223-D: function "strlen" declared implicitly
..\..\src\ccb\cmd\ccb_cmd.c(165): warning:  #223-D: function "memcmp" declared implicitly
..\..\src\ccb\cmd\ccb_cmd.c(208): warning:  #223-D: function "memcpy" declared implicitly
..\..\src\ccb\cmd\ccb_cmd.c(211): warning:  #940-D: missing return statement at end of non-void function "CMD_Reg"
..\..\src\ccb\cmd\ccb_cmd.c(233): warning:  #223-D: function "strcmp" declared implicitly
..\..\src\ccb\cmd\ccb_cmd.c(252): warning:  #870-D: invalid multibyte character sequence
..\..\src\ccb\cmd\ccb_cmd.c(264): warning:  #223-D: function "memcpy" declared implicitly
..\..\src\ccb\cmd\ccb_cmd.c(223): warning:  #177-D: variable "i" was declared but never referenced
..\..\src\ccb\cmd\ccb_cmd.c(322): warning:  #550-D: variable "pucPos" was set but never used
..\..\src\ccb\cmd\ccb_cmd.c(378): warning:  #550-D: variable "pucPos" was set but never used
..\..\src\ccb\cmd\ccb_cmd.c(460): warning:  #223-D: function "memcpy" declared implicitly
..\..\src\ccb\cmd\ccb_cmd.c(453): warning:  #177-D: variable "pucPos" was declared but never referenced
..\..\src\ccb\cmd\ccb_cmd.c(454): warning:  #177-D: variable "i" was declared but never referenced
..\..\src\ccb\cmd\ccb_cmd.c(455): warning:  #177-D: variable "ulMacPos" was declared but never referenced
..\..\src\ccb\cmd\ccb_cmd.c(456): warning:  #177-D: variable "ulMACValue" was declared but never referenced
..\..\src\ccb\cmd\ccb_cmd.c(466): warning:  #1-D: last line of file ends without a newline
..\..\src\ccb\cmd\ccb_cmd.c(283): warning: C4017W: ulTemp may be used before being set
..\..\src\ccb\cmd\ccb_cmd.c(376): warning: C4017W: ulCmdNameLen may be used before being set
compiling bsp.c...
..\..\src\ccb\def\ccb_def.h(73): warning:  #1-D: last line of file ends without a newline
..\..\src\bsp\bsp.c(69): warning:  #1296-D: extended constant initialiser used
..\..\src\bsp\bsp.c(70): warning:  #1296-D: extended constant initialiser used
..\..\src\bsp\bsp.c(71): warning:  #1296-D: extended constant initialiser used
..\..\src\bsp\bsp.c(72): warning:  #1296-D: extended constant initialiser used
..\..\src\bsp\bsp.c(86): warning:  #188-D: enumerated type mixed with another type
..\..\src\bsp\bsp.c(87): warning:  #188-D: enumerated type mixed with another type
..\..\src\bsp\bsp.c(451): warning:  #223-D: function "memcpy" declared implicitly
..\..\src\bsp\bsp.c(538): warning:  #940-D: missing return statement at end of non-void function "BSP_InterruptInit"
..\..\src\bsp\bsp.c(585): warning:  #940-D: missing return statement at end of non-void function "BSP_SpiInit"
..\..\src\bsp\bsp.c(651): warning:  #940-D: missing return statement at end of non-void function "BSP_I2CInit"
..\..\src\bsp\bsp.c(748): warning:  #177-D: variable "TIM_TimeBaseStructure" was declared but never referenced
..\..\src\bsp\bsp.c(749): warning:  #177-D: variable "TIM_OCInitStructure" was declared but never referenced
..\..\src\bsp\bsp.c(750): warning:  #177-D: variable "GPIO_InitStructure" was declared but never referenced
..\..\src\bsp\bsp.c(751): warning:  #177-D: variable "I2C_InitStructure" was declared but never referenced
compiling stm32f10x_it.c...
..\..\src\ccb\def\ccb_def.h(73): warning:  #1-D: last line of file ends without a newline
..\..\src\bsp\stm32f10x_it.c(148): warning:  #223-D: function "BSP_SysTickSecond" declared implicitly
..\..\src\bsp\stm32f10x_it.c(161): warning:  #223-D: function "CMD_Rx" declared implicitly
..\..\src\bsp\stm32f10x_it.c(167): warning:  #223-D: function "printf" declared implicitly
linking...
Program Size: Code=12484 RO-data=268 RW-data=116 ZI-data=2388  
FromELF: creating hex file...
".\keil_c8t6.axf" - 0 Errors, 50 Warning(s).
Build target 'Target 1'
compiling ccb_cmd.c...
..\..\src\ccb\def\ccb_def.h(73): warning:  #1-D: last line of file ends without a newline
..\..\src\ccb\cmd\ccb_cmd.h(4): warning:  #494-D: declaring a void parameter list with a typedef is nonstandard
..\..\src\ccb\cmd\ccb_cmd.h(56): warning:  #494-D: declaring a void parameter list with a typedef is nonstandard
..\..\src\ccb\cmd\ccb_cmd.h(57): warning:  #1295-D: Deprecated declaration CMD_Proc - give arg types
..\..\src\ccb\cmd\ccb_cmd.h(61): warning:  #1295-D: Deprecated declaration PDT_Init - give arg types
..\..\src\ccb\cmd\ccb_cmd.h(63): warning:  #1-D: last line of file ends without a newline
..\..\src\ccb\cmd\ccb_cmd.c(21): warning:  #223-D: function "memset" declared implicitly
..\..\src\ccb\cmd\ccb_cmd.c(55): warning:  #223-D: function "memcpy" declared implicitly
..\..\src\ccb\cmd\ccb_cmd.c(153): warning:  #223-D: function "strlen" declared implicitly
..\..\src\ccb\cmd\ccb_cmd.c(165): warning:  #223-D: function "memcmp" declared implicitly
..\..\src\ccb\cmd\ccb_cmd.c(208): warning:  #223-D: function "memcpy" declared implicitly
..\..\src\ccb\cmd\ccb_cmd.c(211): warning:  #940-D: missing return statement at end of non-void function "CMD_Reg"
..\..\src\ccb\cmd\ccb_cmd.c(233): warning:  #223-D: function "strcmp" declared implicitly
..\..\src\ccb\cmd\ccb_cmd.c(252): warning:  #870-D: invalid multibyte character sequence
..\..\src\ccb\cmd\ccb_cmd.c(264): warning:  #223-D: function "memcpy" declared implicitly
..\..\src\ccb\cmd\ccb_cmd.c(223): warning:  #177-D: variable "i" was declared but never referenced
..\..\src\ccb\cmd\ccb_cmd.c(322): warning:  #550-D: variable "pucPos" was set but never used
..\..\src\ccb\cmd\ccb_cmd.c(378): warning:  #550-D: variable "pucPos" was set but never used
..\..\src\ccb\cmd\ccb_cmd.c(460): warning:  #223-D: function "memcpy" declared implicitly
..\..\src\ccb\cmd\ccb_cmd.c(453): warning:  #177-D: variable "pucPos" was declared but never referenced
..\..\src\ccb\cmd\ccb_cmd.c(454): warning:  #177-D: variable "i" was declared but never referenced
..\..\src\ccb\cmd\ccb_cmd.c(455): warning:  #177-D: variable "ulMacPos" was declared but never referenced
..\..\src\ccb\cmd\ccb_cmd.c(456): warning:  #177-D: variable "ulMACValue" was declared but never referenced
..\..\src\ccb\cmd\ccb_cmd.c(466): warning:  #1-D: last line of file ends without a newline
..\..\src\ccb\cmd\ccb_cmd.c(283): warning: C4017W: ulTemp may be used before being set
..\..\src\ccb\cmd\ccb_cmd.c(376): warning: C4017W: ulCmdNameLen may be used before being set
linking...
Program Size: Code=12484 RO-data=268 RW-data=116 ZI-data=2388  
FromELF: creating hex file...
".\keil_c8t6.axf" - 0 Errors, 26 Warning(s).
Load "F:\\git_new\\new\\stm32_c8t6_keil\\Project\\Keil4\\keil_c8t6.axf" 
Erase Done.
Programming Done.
Verify OK.
Application running ...
Build target 'Target 1'
compiling ccb_cmd.c...
..\..\src\ccb\def\ccb_def.h(73): warning:  #1-D: last line of file ends without a newline
..\..\src\ccb\cmd\ccb_cmd.h(4): warning:  #494-D: declaring a void parameter list with a typedef is nonstandard
..\..\src\ccb\cmd\ccb_cmd.h(56): warning:  #494-D: declaring a void parameter list with a typedef is nonstandard
..\..\src\ccb\cmd\ccb_cmd.h(57): warning:  #1295-D: Deprecated declaration CMD_Proc - give arg types
..\..\src\ccb\cmd\ccb_cmd.h(61): warning:  #1295-D: Deprecated declaration PDT_Init - give arg types
..\..\src\ccb\cmd\ccb_cmd.h(63): warning:  #1-D: last line of file ends without a newline
..\..\src\ccb\cmd\ccb_cmd.c(21): warning:  #223-D: function "memset" declared implicitly
..\..\src\ccb\cmd\ccb_cmd.c(55): warning:  #223-D: function "memcpy" declared implicitly
..\..\src\ccb\cmd\ccb_cmd.c(153): warning:  #223-D: function "strlen" declared implicitly
..\..\src\ccb\cmd\ccb_cmd.c(165): warning:  #223-D: function "memcmp" declared implicitly
..\..\src\ccb\cmd\ccb_cmd.c(208): warning:  #223-D: function "memcpy" declared implicitly
..\..\src\ccb\cmd\ccb_cmd.c(211): warning:  #940-D: missing return statement at end of non-void function "CMD_Reg"
..\..\src\ccb\cmd\ccb_cmd.c(233): warning:  #223-D: function "strcmp" declared implicitly
..\..\src\ccb\cmd\ccb_cmd.c(264): warning:  #223-D: function "memcpy" declared implicitly
..\..\src\ccb\cmd\ccb_cmd.c(223): warning:  #177-D: variable "i" was declared but never referenced
..\..\src\ccb\cmd\ccb_cmd.c(322): warning:  #550-D: variable "pucPos" was set but never used
..\..\src\ccb\cmd\ccb_cmd.c(378): warning:  #550-D: variable "pucPos" was set but never used
..\..\src\ccb\cmd\ccb_cmd.c(460): warning:  #223-D: function "memcpy" declared implicitly
..\..\src\ccb\cmd\ccb_cmd.c(453): warning:  #177-D: variable "pucPos" was declared but never referenced
..\..\src\ccb\cmd\ccb_cmd.c(454): warning:  #177-D: variable "i" was declared but never referenced
..\..\src\ccb\cmd\ccb_cmd.c(455): warning:  #177-D: variable "ulMacPos" was declared but never referenced
..\..\src\ccb\cmd\ccb_cmd.c(456): warning:  #177-D: variable "ulMACValue" was declared but never referenced
..\..\src\ccb\cmd\ccb_cmd.c(466): warning:  #1-D: last line of file ends without a newline
..\..\src\ccb\cmd\ccb_cmd.c(283): warning: C4017W: ulTemp may be used before being set
..\..\src\ccb\cmd\ccb_cmd.c(376): warning: C4017W: ulCmdNameLen may be used before being set
linking...
Program Size: Code=12472 RO-data=268 RW-data=116 ZI-data=2388  
FromELF: creating hex file...
".\keil_c8t6.axf" - 0 Errors, 25 Warning(s).
Build target 'Target 1'
linking...
Program Size: Code=12472 RO-data=268 RW-data=116 ZI-data=2388  
FromELF: creating hex file...
".\keil_c8t6.axf" - 0 Errors, 0 Warning(s).
Load "F:\\git_new\\new\\stm32_c8t6_keil\\Project\\Keil4\\keil_c8t6.axf" 
Erase Done.
Programming Done.
Verify OK.
Application running ...
